       Fresh unicode-ident v1.0.26
       Fresh windows-link v0.2.1
       Fresh proc-macro2 v1.0.107
       Fresh cfg-if v1.0.5
       Fresh quote v1.0.47
       Fresh smallvec v1.16.2
       Fresh siphasher v1.0.4
       Fresh syn v3.0.6
       Fresh syn v2.0.119
       Fresh writeable v0.6.4
       Fresh synstructure v0.14.0
       Fresh zerovec-derive v0.11.6
       Fresh displaydoc v0.2.7
       Fresh serde_derive v1.0.229
       Fresh zerofrom-derive v0.1.8
       Fresh yoke-derive v0.8.4
       Fresh litemap v0.8.3
       Fresh zerofrom v0.1.8
       Fresh memchr v2.8.3
       Fresh serde_core v1.0.229
       Fresh utf8_iter v1.0.4
       Fresh fastrand v2.5.0
       Fresh phf_generator v0.13.1
       Fresh itoa v1.0.18
       Fresh icu_properties_data v2.3.0
       Fresh icu_normalizer_data v2.3.0
       Fresh thiserror-impl v2.0.21
       Fresh version_check v0.9.5
       Fresh zmij v1.0.23
       Fresh thiserror v2.0.21
       Fresh phf_macros v0.13.1
       Fresh stable_deref_trait v1.2.1
       Fresh time-core v0.1.9
       Fresh num-conv v0.2.2
       Fresh yoke v0.8.3
       Fresh phf_codegen v0.13.1
       Fresh deranged v0.5.8
       Fresh strsim v0.11.1
       Fresh winnow v1.0.4
       Fresh scopeguard v1.2.0
       Fresh powerfmt v0.2.0
       Fresh ident_case v1.0.1
       Fresh toml_parser v1.1.3+spec-1.1.0
       Fresh lock_api v0.4.14
       Fresh darling_core v0.24.1
       Fresh parking_lot_core v0.9.12
       Fresh find-msvc-tools v0.1.14
       Fresh shlex v2.0.1
       Fresh log v0.4.34
       Fresh toml_writer v1.1.2+spec-1.1.0
       Fresh cc v1.5.1
       Fresh darling_macro v0.24.1
       Fresh parking_lot v0.12.5
       Fresh typeid v1.0.3
       Fresh zerovec v0.11.8
       Fresh aho-corasick v1.1.5
       Fresh fnv v1.0.7
       Fresh web-time v1.1.0
       Fresh regex-syntax v0.8.11
       Fresh new_debug_unreachable v1.0.6
       Fresh regex-automata v0.4.18
       Fresh darling v0.24.1
       Fresh serde v1.0.229
       Fresh string_cache_codegen v0.6.1
       Fresh precomputed-hash v0.1.1
       Fresh hashbrown v0.17.1
       Fresh bytes v1.12.1
       Fresh alloc-no-stdlib v3.0.0
       Fresh equivalent v1.0.2
       Fresh indexmap v2.14.2
       Fresh alloc-stdlib v0.3.0
       Fresh serde_with_macros v3.24.0
       Fresh regex v1.13.1
       Fresh quick-xml v0.42.0
       Fresh dunce v1.0.5
       Fresh base64 v0.23.1
       Fresh getrandom v0.4.3
       Fresh brotli-decompressor v6.0.1
       Fresh http v1.5.0
       Fresh string_cache v0.9.0
       Fresh tinystr v0.8.4
       Fresh dtoa v1.0.11
       Fresh autocfg v1.5.1
       Fresh dtoa-short v0.3.5
       Fresh web_atoms v0.2.6
       Fresh icu_locale_core v2.3.0
       Fresh libc v0.2.189
       Fresh brotli v9.0.0
       Fresh anyhow v1.0.104
       Fresh tendril v0.5.1
       Fresh potential_utf v0.1.6
       Fresh zerotrie v0.2.5
       Fresh windows-interface v0.59.3
       Fresh derive_more-impl v2.1.1
       Fresh cssparser-macros v0.7.1
       Fresh windows-implement v0.60.2
       Fresh windows-sys v0.61.2
       Fresh windows-result v0.4.1
       Fresh windows-strings v0.5.1
       Fresh ctor v1.0.13
       Fresh glob v0.3.4
       Fresh windows-core v0.62.2
       Fresh cssparser v0.37.0
       Fresh derive_more v2.1.1
       Fresh icu_provider v2.3.1
       Fresh icu_collections v2.3.0
       Fresh markup5ever v0.39.0
       Fresh windows_x86_64_msvc v0.52.6
       Fresh servo_arc v0.4.3
       Fresh serde_derive_internals v0.29.1
       Fresh hashbrown v0.12.3
       Fresh rustc-hash v2.1.3
       Fresh bit-vec v0.8.0
       Fresh selectors v0.38.0
       Fresh bit-set v0.8.0
       Fresh schemars_derive v0.8.22
       Fresh indexmap v1.9.3
       Fresh html5ever v0.39.0
       Fresh windows-targets v0.52.6
       Fresh camino v1.2.6
       Fresh cargo-platform v0.1.9
       Fresh simd-adler32 v0.3.10
       Fresh foldhash v0.2.0
       Fresh dyn-clone v1.0.20
       Fresh option-ext v0.2.0
       Fresh cargo_metadata v0.19.2
       Fresh schemars v0.8.22
       Fresh dom_query v0.28.0
       Fresh windows-sys v0.59.0
       Fresh vswhom-sys v0.1.3
       Fresh icu_properties v2.3.0
       Fresh icu_normalizer v2.3.0
       Fresh windows-threading v0.2.1
       Fresh adler2 v2.0.1
       Fresh windows-future v0.3.2
       Fresh idna_adapter v1.2.2
       Fresh winreg v0.55.0
       Fresh vswhom v0.1.0
       Fresh windows-numerics v0.3.1
       Fresh windows-collections v0.3.2
       Fresh rustc_version v0.4.1
       Fresh time-macros v0.2.32
       Fresh once_cell v1.21.4
       Fresh percent-encoding v2.3.2
       Fresh typenum v1.20.1
       Fresh generic-array v0.14.7
       Fresh time v0.3.55
       Fresh form_urlencoded v1.2.2
       Fresh windows v0.62.2
       Fresh embed-resource v3.0.11
       Fresh idna v1.1.0
       Fresh serde_json v1.0.151
       Fresh miniz_oxide v0.9.1
       Fresh crc32fast v1.5.2
       Fresh heck v0.5.0
       Fresh raw-window-handle v0.6.2
       Fresh flate2 v1.1.10
       Fresh tauri-winres v0.3.6
       Fresh url v2.5.8
       Fresh miniz_oxide v0.8.9
       Fresh fdeflate v0.3.7
       Fresh winapi-util v0.1.11
       Fresh cargo_toml v1.0.1
       Fresh dpi v0.1.2
       Fresh bitflags v2.13.2
       Fresh uuid v1.26.1
       Fresh cfb v0.14.0
       Fresh tauri-build v2.7.1
       Fresh same-file v1.0.6
       Fresh crossbeam-utils v0.8.23
       Fresh webview2-com-sys v0.39.1
       Fresh jsonptr v0.7.1
       Fresh crypto-common v0.1.7
       Fresh block-buffer v0.10.4
       Fresh erased-serde v0.4.10
       Fresh serde_spanned v1.1.1
       Fresh toml_datetime v1.1.1+spec-1.1.0
       Fresh webview2-com-macros v0.8.1
       Fresh phf_shared v0.13.1
       Fresh windows-version v0.1.7
       Fresh pin-project-lite v0.2.17
       Fresh bitflags v1.3.2
       Fresh png v0.17.16
       Fresh phf v0.13.1
       Fresh webview2-com v0.39.1
       Fresh toml v1.1.6+spec-1.1.0
       Fresh serde-untagged v0.1.9
       Fresh json-patch v4.2.0
       Fresh digest v0.10.7
       Fresh crossbeam-channel v0.5.17
       Fresh walkdir v2.5.0
       Fresh zerocopy v0.8.59
       Fresh cookie v0.18.2
       Fresh infer v0.22.0
       Fresh urlpattern v0.6.0
       Fresh plist v1.10.1
       Fresh serde_with v3.24.0
       Fresh tracing-core v0.1.36
       Fresh vcpkg v0.2.15
       Fresh pkg-config v0.3.34
       Fresh semver v1.0.28
       Fresh cpufeatures v0.2.17
       Fresh byteorder v1.5.0
       Fresh tauri-utils v2.10.1
       Fresh sha2 v0.10.9
       Fresh ico v0.5.0
       Fresh tracing v0.1.44
       Fresh ahash v0.8.12
       Fresh png v0.18.1
       Fresh base64 v0.22.1
       Fresh unicode-segmentation v1.13.3
       Fresh tao v0.37.1
       Fresh tauri-codegen v2.7.1
       Fresh tauri-runtime v2.12.1
       Fresh softbuffer v0.4.8
       Fresh hashbrown v0.14.5
       Fresh wry v0.57.0
       Fresh keyboard-types v0.8.3
       Fresh dirs-sys v0.5.0
       Fresh serialize-to-javascript-impl v0.1.2
       Fresh tauri-runtime-wry v2.12.1
       Fresh dirs v7.0.0
       Fresh libsqlite3-sys v0.30.1
       Fresh serialize-to-javascript v0.1.2
       Fresh muda v0.20.0
       Fresh hashlink v0.9.1
       Fresh tauri-macros v2.7.1
       Fresh getrandom v0.3.4
       Fresh window-vibrancy v0.8.1
       Fresh tokio v1.53.1
       Fresh serde_repr v0.1.21
       Fresh mime v0.3.17
       Fresh fallible-streaming-iterator v0.1.9
       Fresh fallible-iterator v0.3.0
       Fresh tauri v2.12.1
       Fresh rusqlite v0.32.1
   Compiling dj-set-timer v0.1.0 (D:\a\dj-timer-set\dj-timer-set\src-tauri)
     Running `C:\Users\runneradmin\.rustup\toolchains\stable-x86_64-pc-windows-msvc\bin\rustc.exe --crate-name dj_set_timer --edition=2021 src\main.rs --error-format=json --json=diagnostic-rendered-ansi,artifacts,future-incompat --crate-type bin --emit=dep-info,link -C embed-bitcode=no -C debuginfo=2 --check-cfg cfg(docsrs,test) --check-cfg "cfg(feature, values())" -C metadata=fab2a152c7df496f --out-dir D:\a\dj-timer-set\dj-timer-set\src-tauri\target\debug\deps -L dependency=D:\a\dj-timer-set\dj-timer-set\src-tauri\target\debug\deps --extern dj_set_timer_lib=D:\a\dj-timer-set\dj-timer-set\src-tauri\target\debug\deps\libdj_set_timer_lib.rlib --extern rusqlite=D:\a\dj-timer-set\dj-timer-set\src-tauri\target\debug\deps\librusqlite-3ca82de9dc8bf0e8.rlib --extern serde=D:\a\dj-timer-set\dj-timer-set\src-tauri\target\debug\deps\libserde-c7c78f5d758e7f13.rlib --extern serde_json=D:\a\dj-timer-set\dj-timer-set\src-tauri\target\debug\deps\libserde_json-a79d681f58fa4153.rlib --extern tauri=D:\a\dj-timer-set\dj-timer-set\src-tauri\target\debug\deps\libtauri-13bb6a9cb6903ccf.rlib -L native=D:\a\dj-timer-set\dj-timer-set\src-tauri\target\debug\build\dj-set-timer-68ccf5c5d403e359\out -L native=D:\a\dj-timer-set\dj-timer-set\src-tauri\target\debug\build\libsqlite3-sys-b4d7c6846702ec5a\out -L native=D:\a\dj-timer-set\dj-timer-set\src-tauri\target\debug\build\webview2-com-sys-91057c40b17ba182\out\x64 -L C:\vcpkg\installed\x64-windows-static-md\lib -L "native=C:\Program Files\Microsoft Visual Studio\18\Enterprise\VC\Tools\MSVC\14.51.36231\atlmfc\lib\x64" -C link-arg=D:\a\dj-timer-set\dj-timer-set\src-tauri\target\debug\build\dj-set-timer-68ccf5c5d403e359\out\resource.lib -C link-arg=/NODEFAULTLIB:libvcruntimed.lib -C link-arg=/NODEFAULTLIB:vcruntime.lib -C link-arg=/NODEFAULTLIB:vcruntimed.lib -C link-arg=/NODEFAULTLIB:libcmtd.lib -C link-arg=/NODEFAULTLIB:msvcrt.lib -C link-arg=/NODEFAULTLIB:msvcrtd.lib -C link-arg=/NODEFAULTLIB:libucrt.lib -C link-arg=/NODEFAULTLIB:libucrtd.lib -C link-arg=/DEFAULTLIB:libcmt.lib -C link-arg=/DEFAULTLIB:libvcruntime.lib -C link-arg=/DEFAULTLIB:ucrt.lib --cfg desktop --cfg dev --check-cfg cfg(desktop) --check-cfg cfg(mobile) --check-cfg cfg(dev)`
    Finished `dev` profile [unoptimized + debuginfo] target(s) in 2.79s
