
> dj-set-timer@0.1.0 tauri
> tauri build --verbose

       Debug [tauri_cli::helpers::app_paths] Found Tauri project inside D:\a\dj-timer-set\dj-timer-set\src-tauri on early lookup
        Info [tauri_cli::build] Looking up installed tauri packages to check mismatched versions...
       Debug [tauri_cli::info::plugins] Failed to parse version `2` for crate `tauri`
     Running [tauri_cli::helpers] beforeBuildCommand `npm run build`
       Debug [tauri_cli::helpers] Setting environment for hook {"TAURI_ENV_FAMILY": "windows", "TAURI_ENV_TARGET_TRIPLE": "x86_64-pc-windows-msvc", "TAURI_ENV_ARCH": "x86_64", "TAURI_ENV_PLATFORM_VERSION": "10.0.26100", "TAURI_ENV_PLATFORM": "windows"}
     Running [tauri_cli] Command `cmd /S /C npm run build`

> dj-set-timer@0.1.0 build
> tsc && vite build

[36mvite v6.4.3 [32mbuilding for production...[36m[39m
transforming...
[32m✓[39m 1601 modules transformed.
rendering chunks...
computing gzip size...
[2mdist/[22m[32mindex.html                 [39m[1m[2m  0.41 kB[22m[1m[22m[2m │ gzip:  0.28 kB[22m
[2mdist/[22m[35massets/index-Lg0c0NJZ.css  [39m[1m[2m 12.50 kB[22m[1m[22m[2m │ gzip:  3.41 kB[22m
[2mdist/[22m[36massets/index-B4qOCy__.js   [39m[1m[2m189.35 kB[22m[1m[22m[2m │ gzip: 60.43 kB[22m
[32m✓ built in 4.40s[39m
     Running [tauri_cli] Command `cargo build --bins --features tauri/custom-protocol --release`
    Updating crates.io index
     Locking 426 packages to highest compatible versions
      Adding generic-array v0.14.7 (available: v0.14.9)
      Adding rusqlite v0.32.1 (available: v0.40.2)
      Adding toml v0.8.2 (available: v0.8.23)
      Adding toml_datetime v0.6.3 (available: v0.6.11)
      Adding toml_edit v0.20.2 (available: v0.20.7)
 Downloading crates ...
  Downloaded adler2 v2.0.1
  Downloaded phf v0.13.1
  Downloaded percent-encoding v2.3.2
  Downloaded phf_shared v0.13.1
  Downloaded potential_utf v0.1.6
  Downloaded rustc_version v0.4.1
  Downloaded same-file v1.0.6
  Downloaded serde_with_macros v3.24.0
  Downloaded hashbrown v0.14.5
  Downloaded hashbrown v0.17.1
  Downloaded hashlink v0.9.1
  Downloaded heck v0.5.0
  Downloaded hex v0.4.3
  Downloaded icu_locale_core v2.3.0
  Downloaded ident_case v1.0.1
  Downloaded idna_adapter v1.2.2
  Downloaded indexmap v1.9.3
  Downloaded itoa v1.0.18
  Downloaded phf_codegen v0.13.1
  Downloaded phf_generator v0.13.1
  Downloaded phf_macros v0.13.1
  Downloaded pin-project-lite v0.2.17
  Downloaded pkg-config v0.3.34
  Downloaded plist v1.10.1
  Downloaded png v0.17.16
  Downloaded png v0.18.1
  Downloaded powerfmt v0.2.0
  Downloaded precomputed-hash v0.1.1
  Downloaded ref-cast v1.0.27
  Downloaded schemars v0.8.22
  Downloaded scopeguard v1.2.0
  Downloaded serialize-to-javascript-impl v0.1.2
  Downloaded web-time v1.1.0
  Downloaded icu_properties v2.3.0
  Downloaded jiff-tzdb-platform v0.1.3
  Downloaded mime v0.3.17
  Downloaded option-ext v0.2.0
  Downloaded proc-macro2 v1.0.107
  Downloaded quick-xml v0.42.0
  Downloaded quote v1.0.47
  Downloaded raw-window-handle v0.6.2
  Downloaded ref-cast-impl v1.0.27
  Downloaded rustc-hash v2.1.3
  Downloaded schemars v1.2.2
  Downloaded schemars_derive v0.8.22
  Downloaded semver v1.0.28
  Downloaded serde v1.0.229
  Downloaded serde_core v1.0.229
  Downloaded serde_derive v1.0.229
  Downloaded serde_derive_internals v0.29.1
  Downloaded serde_repr v0.1.21
  Downloaded serde_spanned v1.1.1
  Downloaded smallvec v1.16.2
  Downloaded stable_deref_trait v1.2.1
  Downloaded strsim v0.11.1
  Downloaded typeid v1.0.3
  Downloaded utf8_iter v1.0.4
  Downloaded version_check v0.9.5
  Downloaded winapi-util v0.1.11
  Downloaded generic-array v0.14.7
  Downloaded icu_collections v2.3.0
  Downloaded regex v1.13.1
  Downloaded rusqlite v0.32.1
  Downloaded serialize-to-javascript v0.1.2
  Downloaded servo_arc v0.4.3
  Downloaded shlex v2.0.1
  Downloaded string_cache_codegen v0.6.1
  Downloaded synstructure v0.14.0
  Downloaded tauri-winres v0.3.6
  Downloaded time-core v0.1.9
  Downloaded time-macros v0.2.32
  Downloaded toml_datetime v1.1.1+spec-1.1.0
  Downloaded vswhom v0.1.0
  Downloaded vswhom-sys v0.1.3
  Downloaded windows-implement v0.60.2
  Downloaded windows-interface v0.59.3
  Downloaded windows-strings v0.5.1
  Downloaded windows-targets v0.52.6
  Downloaded simd-adler32 v0.3.10
  Downloaded tauri-runtime v2.12.1
  Downloaded tinystr v0.8.4
  Downloaded toml_parser v1.1.3+spec-1.1.0
  Downloaded webview2-com-macros v0.8.1
  Downloaded json-patch v4.2.0
  Downloaded lock_api v0.4.14
  Downloaded new_debug_unreachable v1.0.6
  Downloaded num-conv v0.2.2
  Downloaded serde-untagged v0.1.9
  Downloaded sha2 v0.10.9
  Downloaded siphasher v1.0.4
  Downloaded socket2 v0.6.5
  Downloaded string_cache v0.9.0
  Downloaded tauri-macros v2.7.1
  Downloaded thiserror v2.0.21
  Downloaded thiserror-impl v2.0.21
  Downloaded tinyvec v1.13.3
  Downloaded toml_writer v1.1.2+spec-1.1.0
  Downloaded tracing-core v0.1.36
  Downloaded urlpattern v0.6.0
  Downloaded webview2-com v0.39.1
  Downloaded windows-link v0.2.1
  Downloaded windows-numerics v0.3.1
  Downloaded windows-result v0.4.1
  Downloaded windows-threading v0.2.1
  Downloaded windows-version v0.1.7
  Downloaded yoke-derive v0.8.4
  Downloaded zerofrom v0.1.8
  Downloaded zerofrom-derive v0.1.8
  Downloaded alloc-no-stdlib v3.0.0
  Downloaded alloc-stdlib v0.3.0
  Downloaded bit-set v0.8.0
  Downloaded block-buffer v0.10.4
  Downloaded cargo-platform v0.1.9
  Downloaded cfg-if v1.0.5
  Downloaded cpufeatures v0.2.17
  Downloaded crypto-common v0.1.7
  Downloaded darling_macro v0.24.1
  Downloaded defmt-parser v1.0.0
  Downloaded dirs-sys v0.5.0
  Downloaded html5ever v0.39.0
  Downloaded icu_normalizer_data v2.3.0
  Downloaded icu_provider v2.3.1
  Downloaded infer v0.22.0
  Downloaded jiff-tzdb v0.1.8
  Downloaded markup5ever v0.39.0
  Downloaded parking_lot_core v0.9.12
  Downloaded schemars v0.9.0
  Downloaded selectors v0.38.0
  Downloaded softbuffer v0.4.8
  Downloaded tauri-build v2.7.1
  Downloaded tauri-codegen v2.7.1
  Downloaded tauri-runtime-wry v2.12.1
  Downloaded tendril v0.5.1
  Downloaded toml v1.1.6+spec-1.1.0
  Downloaded tray-icon v0.25.1
  Downloaded unicode-ident v1.0.26
  Downloaded uuid v1.26.1
  Downloaded walkdir v2.5.0
  Downloaded web_atoms v0.2.6
  Downloaded windows-collections v0.3.2
  Downloaded windows-future v0.3.2
  Downloaded writeable v0.6.4
  Downloaded zerovec-derive v0.11.6
  Downloaded zmij v1.0.23
  Downloaded bit-vec v0.8.0
  Downloaded bs58 v0.5.1
  Downloaded byteorder v1.5.0
  Downloaded cargo_metadata v0.19.2
  Downloaded cargo_toml v1.0.1
  Downloaded cookie v0.18.2
  Downloaded crossbeam-utils v0.8.23
  Downloaded cssparser-macros v0.7.1
  Downloaded defmt-macros v1.1.1
  Downloaded digest v0.10.7
  Downloaded dirs v7.0.0
  Downloaded litemap v0.8.3
  Downloaded log v0.4.34
  Downloaded num-traits v0.2.19
  Downloaded once_cell v1.21.4
  Downloaded parking_lot v0.12.5
  Downloaded typenum v1.20.1
  Downloaded url v2.5.8
  Downloaded windows-core v0.62.2
  Downloaded winreg v0.55.0
  Downloaded yoke v0.8.3
  Downloaded ahash v0.8.12
  Downloaded autocfg v1.5.1
  Downloaded bitflags v1.3.2
  Downloaded bitflags v2.13.2
  Downloaded camino v1.2.6
  Downloaded crc32fast v1.5.2
  Downloaded cssparser v0.37.0
  Downloaded ctor v1.0.13
  Downloaded defmt v1.1.1
  Downloaded deranged v0.5.8
  Downloaded displaydoc v0.2.7
  Downloaded dunce v1.0.5
  Downloaded dyn-clone v1.0.20
  Downloaded equivalent v1.0.2
  Downloaded fallible-streaming-iterator v0.1.9
  Downloaded fnv v1.0.7
  Downloaded foldhash v0.2.0
  Downloaded form_urlencoded v1.2.2
  Downloaded hashbrown v0.12.3
  Downloaded ico v0.5.0
  Downloaded jsonptr v0.7.1
  Downloaded miniz_oxide v0.8.9
  Downloaded miniz_oxide v0.9.1
  Downloaded unicode-segmentation v1.13.3
  Downloaded anyhow v1.0.104
  Downloaded cc v1.5.1
  Downloaded cfb v0.14.0
  Downloaded crossbeam-channel v0.5.17
  Downloaded darling v0.24.1
  Downloaded dpi v0.1.2
  Downloaded dtoa v1.0.11
  Downloaded dtoa-short v0.3.5
  Downloaded erased-serde v0.4.10
  Downloaded fallible-iterator v0.3.0
  Downloaded fastrand v2.5.0
  Downloaded find-msvc-tools v0.1.14
  Downloaded glob v0.3.4
  Downloaded keyboard-types v0.8.3
  Downloaded serde_json v1.0.151
  Downloaded zerotrie v0.2.5
  Downloaded base64 v0.22.1
  Downloaded base64 v0.23.1
  Downloaded derive_more v2.1.1
  Downloaded embed-resource v3.0.11
  Downloaded fdeflate v0.3.7
  Downloaded getrandom v0.4.3
  Downloaded http v1.5.0
  Downloaded indexmap v2.14.2
  Downloaded tauri-utils v2.10.1
  Downloaded bytes v1.12.1
  Downloaded darling_core v0.24.1
  Downloaded derive_more-impl v2.1.1
  Downloaded flate2 v1.1.10
  Downloaded getrandom v0.3.4
  Downloaded idna v1.1.0
  Downloaded memchr v2.8.3
  Downloaded mio v1.2.3
  Downloaded muda v0.20.0
  Downloaded zerovec v0.11.8
  Downloaded jiff-core v0.1.1
  Downloaded vcpkg v0.2.15
  Downloaded dom_query v0.28.0
  Downloaded icu_properties_data v2.3.0
  Downloaded serde_with v3.24.0
  Downloaded winnow v1.0.4
  Downloaded aho-corasick v1.1.5
  Downloaded wry v0.57.0
  Downloaded zlib-rs v0.6.8
  Downloaded chrono v0.4.45
  Downloaded time v0.3.55
  Downloaded syn v2.0.119
  Downloaded syn v3.0.6
  Downloaded brotli-decompressor v6.0.1
  Downloaded tao v0.37.1
  Downloaded regex-automata v0.4.18
  Downloaded zerocopy v0.8.59
  Downloaded regex-syntax v0.8.11
  Downloaded tauri v2.12.1
  Downloaded tracing v0.1.44
  Downloaded icu_normalizer v2.3.0
  Downloaded jiff v0.2.37
  Downloaded brotli v9.0.0
  Downloaded windows_x86_64_msvc v0.52.6
  Downloaded libc v0.2.189
  Downloaded tokio v1.53.1
  Downloaded window-vibrancy v0.8.1
  Downloaded windows-sys v0.59.0
  Downloaded windows-sys v0.61.2
  Downloaded libsqlite3-sys v0.30.1
  Downloaded webview2-com-sys v0.39.1
  Downloaded windows v0.62.2
   Compiling proc-macro2 v1.0.107
   Compiling unicode-ident v1.0.26
   Compiling quote v1.0.47
   Compiling serde_core v1.0.229
   Compiling siphasher v1.0.4
   Compiling cfg-if v1.0.5
   Compiling phf_shared v0.13.1
   Compiling fastrand v2.5.0
   Compiling icu_properties_data v2.3.0
   Compiling syn v3.0.6
   Compiling syn v2.0.119
   Compiling icu_normalizer_data v2.3.0
   Compiling windows-link v0.2.1
   Compiling phf_generator v0.13.1
   Compiling stable_deref_trait v1.2.1
   Compiling thiserror v2.0.21
   Compiling zmij v1.0.23
   Compiling smallvec v1.16.2
   Compiling version_check v0.9.5
   Compiling parking_lot_core v0.9.12
   Compiling serde v1.0.229
   Compiling memchr v2.8.3
   Compiling typeid v1.0.3
   Compiling time-core v0.1.9
   Compiling num-conv v0.2.2
   Compiling phf_codegen v0.13.1
   Compiling writeable v0.6.4
   Compiling litemap v0.8.3
   Compiling synstructure v0.14.0
   Compiling itoa v1.0.18
   Compiling strsim v0.11.1
   Compiling erased-serde v0.4.10
   Compiling ident_case v1.0.1
   Compiling darling_core v0.24.1
   Compiling shlex v2.0.1
   Compiling utf8_iter v1.0.4
   Compiling find-msvc-tools v0.1.14
   Compiling phf_macros v0.13.1
   Compiling cc v1.5.1
   Compiling zerofrom-derive v0.1.8
   Compiling yoke-derive v0.8.4
   Compiling zerovec-derive v0.11.6
   Compiling displaydoc v0.2.7
   Compiling serde_derive v1.0.229
   Compiling zerofrom v0.1.8
   Compiling yoke v0.8.3
   Compiling thiserror-impl v2.0.21
   Compiling zerotrie v0.2.5
   Compiling zerovec v0.11.8
   Compiling tinystr v0.8.4
   Compiling icu_locale_core v2.3.0
   Compiling potential_utf v0.1.6
   Compiling icu_collections v2.3.0
   Compiling darling_macro v0.24.1
   Compiling libc v0.2.189
   Compiling new_debug_unreachable v1.0.6
   Compiling anyhow v1.0.104
   Compiling icu_provider v2.3.1
   Compiling scopeguard v1.2.0
   Compiling lock_api v0.4.14
   Compiling darling v0.24.1
   Compiling phf v0.13.1
   Compiling string_cache_codegen v0.6.1
   Compiling precomputed-hash v0.1.1
   Compiling getrandom v0.4.3
   Compiling serde_json v1.0.151
   Compiling parking_lot v0.12.5
   Compiling web_atoms v0.2.6
   Compiling serde_with_macros v3.24.0
   Compiling icu_properties v2.3.0
   Compiling icu_normalizer v2.3.0
   Compiling windows-sys v0.61.2
   Compiling semver v1.0.28
   Compiling winnow v1.0.4
   Compiling toml_parser v1.1.3+spec-1.1.0
   Compiling idna_adapter v1.2.2
   Compiling string_cache v0.9.0
   Compiling toml_datetime v1.1.1+spec-1.1.0
   Compiling serde_spanned v1.1.1
   Compiling log v0.4.34
   Compiling windows_x86_64_msvc v0.52.6
   Compiling autocfg v1.5.1
   Compiling toml_writer v1.1.2+spec-1.1.0
   Compiling dtoa v1.0.11
   Compiling percent-encoding v2.3.2
   Compiling indexmap v1.9.3
   Compiling dtoa-short v0.3.5
   Compiling form_urlencoded v1.2.2
   Compiling toml v1.1.6+spec-1.1.0
   Compiling uuid v1.26.1
   Compiling idna v1.1.0
   Compiling tendril v0.5.1
   Compiling cssparser-macros v0.7.1
   Compiling windows-implement v0.60.2
   Compiling derive_more-impl v2.1.1
   Compiling windows-interface v0.59.3
   Compiling selectors v0.38.0
   Compiling aho-corasick v1.1.5
   Compiling windows-strings v0.5.1
   Compiling windows-result v0.4.1
   Compiling camino v1.2.6
   Compiling regex-syntax v0.8.11
   Compiling alloc-no-stdlib v3.0.0
   Compiling bitflags v2.13.2
   Compiling alloc-stdlib v0.3.0
   Compiling windows-core v0.62.2
   Compiling derive_more v2.1.1
   Compiling cssparser v0.37.0
   Compiling regex-automata v0.4.18
   Compiling markup5ever v0.39.0
   Compiling url v2.5.8
   Compiling winapi-util v0.1.11
   Compiling vswhom-sys v0.1.3
   Compiling serde_derive_internals v0.29.1
   Compiling servo_arc v0.4.3
   Compiling hashbrown v0.12.3
   Compiling bit-vec v0.8.0
   Compiling deranged v0.5.8
   Compiling equivalent v1.0.2
   Compiling fnv v1.0.7
   Compiling powerfmt v0.2.0
   Compiling schemars v0.8.22
   Compiling web-time v1.1.0
   Compiling hashbrown v0.17.1
   Compiling rustc-hash v2.1.3
   Compiling time v0.3.55
   Compiling indexmap v2.14.2
   Compiling cfb v0.14.0
   Compiling regex v1.13.1
   Compiling schemars_derive v0.8.22
   Compiling bit-set v0.8.0
   Compiling same-file v1.0.6
   Compiling windows-targets v0.52.6
   Compiling html5ever v0.39.0
   Compiling brotli-decompressor v6.0.1
   Compiling jsonptr v0.7.1
   Compiling cargo-platform v0.1.9
   Compiling quick-xml v0.42.0
   Compiling simd-adler32 v0.3.10
   Compiling dyn-clone v1.0.20
   Compiling foldhash v0.2.0
   Compiling base64 v0.23.1
   Compiling dunce v1.0.5
   Compiling bytes v1.12.1
   Compiling plist v1.10.1
   Compiling dom_query v0.28.0
   Compiling http v1.5.0
   Compiling cargo_metadata v0.19.2
   Compiling brotli v9.0.0
   Compiling json-patch v4.2.0
   Compiling windows-sys v0.59.0
   Compiling serde-untagged v0.1.9
   Compiling walkdir v2.5.0
   Compiling infer v0.22.0
   Compiling urlpattern v0.6.0
   Compiling serde_with v3.24.0
   Compiling generic-array v0.14.7
   Compiling windows-threading v0.2.1
   Compiling crc32fast v1.5.2
   Compiling ctor v1.0.13
   Compiling glob v0.3.4
   Compiling adler2 v2.0.1
   Compiling windows-future v0.3.2
   Compiling winreg v0.55.0
   Compiling vswhom v0.1.0
   Compiling windows-numerics v0.3.1
   Compiling tauri-utils v2.10.1
   Compiling windows-collections v0.3.2
   Compiling rustc_version v0.4.1
   Compiling time-macros v0.2.32
   Compiling option-ext v0.2.0
   Compiling typenum v1.20.1
   Compiling once_cell v1.21.4
   Compiling dirs-sys v0.5.0
   Compiling windows v0.62.2
   Compiling embed-resource v3.0.11
   Compiling miniz_oxide v0.9.1
   Compiling webview2-com-sys v0.39.1
   Compiling crossbeam-utils v0.8.23
   Compiling heck v0.5.0
   Compiling raw-window-handle v0.6.2
   Compiling flate2 v1.1.10
   Compiling tauri-winres v0.3.6
   Compiling dirs v7.0.0
   Compiling miniz_oxide v0.8.9
   Compiling fdeflate v0.3.7
   Compiling cargo_toml v1.0.1
   Compiling dpi v0.1.2
   Compiling cookie v0.18.2
   Compiling zerocopy v0.8.59
   Compiling tauri-build v2.7.1
   Compiling crypto-common v0.1.7
   Compiling block-buffer v0.10.4
   Compiling webview2-com-macros v0.8.1
   Compiling ahash v0.8.12
   Compiling windows-version v0.1.7
   Compiling pin-project-lite v0.2.17
   Compiling bitflags v1.3.2
   Compiling png v0.17.16
   Compiling webview2-com v0.39.1
   Compiling digest v0.10.7
   Compiling crossbeam-channel v0.5.17
   Compiling tauri-runtime v2.12.1
   Compiling vcpkg v0.2.15
   Compiling tracing-core v0.1.36
   Compiling wry v0.57.0
   Compiling pkg-config v0.3.34
   Compiling byteorder v1.5.0
   Compiling cpufeatures v0.2.17
   Compiling libsqlite3-sys v0.30.1
   Compiling sha2 v0.10.9
   Compiling ico v0.5.0
   Compiling tracing v0.1.44
   Compiling tauri v2.12.1
   Compiling png v0.18.1
   Compiling getrandom v0.3.4
   Compiling base64 v0.22.1
   Compiling unicode-segmentation v1.13.3
   Compiling muda v0.20.0
   Compiling tauri-runtime-wry v2.12.1
   Compiling tauri-codegen v2.7.1
   Compiling tao v0.37.1
   Compiling softbuffer v0.4.8
   Compiling hashbrown v0.14.5
   Compiling keyboard-types v0.8.3
   Compiling serialize-to-javascript-impl v0.1.2
   Compiling serialize-to-javascript v0.1.2
   Compiling hashlink v0.9.1
   Compiling tauri-macros v2.7.1
   Compiling tokio v1.53.1
   Compiling window-vibrancy v0.8.1
   Compiling dj-set-timer v0.1.0 (D:\a\dj-timer-set\dj-timer-set\src-tauri)
   Compiling serde_repr v0.1.21
   Compiling mime v0.3.17
   Compiling fallible-streaming-iterator v0.1.9
   Compiling fallible-iterator v0.3.0
   Compiling rusqlite v0.32.1
warning: dj-set-timer@0.1.0: STATIC_VCRUNTIME is deprecated; use build.windows.staticVCRuntime in tauri.conf.json or tauri_build::WindowsAttributes::static_vc_runtime instead.
error: linking with `link.exe` failed: exit code: 1120
  |
  = note: "C:\\Program Files\\Microsoft Visual Studio\\18\\Enterprise\\VC\\Tools\\MSVC\\14.51.36231\\bin\\HostX64\\x64\\link.exe" "/DEF:D:\\a\\dj-timer-set\\dj-timer-set\\src-tauri\\target\\release\\deps\\rustckWek2N\\lib.def" "/NOLOGO" "D:\\a\\dj-timer-set\\dj-timer-set\\src-tauri\\target\\release\\deps\\rustckWek2N\\symbols.o" "<17 object files omitted>" "D:\\a\\dj-timer-set\\dj-timer-set\\src-tauri\\target\\release\\deps/{libtauri-0b8e70d7486b84f0,libdirs-739df3900dbd1acb,libdirs_sys-124da21ade5cd86d,liboption_ext-3e46d5c6cbf85a1a,libwindow_vibrancy-6d941f3a83559ec4,libmime-b770569512fa6da4,libgetrandom-f8041ec668313296,libtauri_runtime_wry-c26b42633841dd58,libsoftbuffer-7272c398f961850b,libwry-329817fa503249c6,libtao-63903113d778c5a3,libwindows_version-76b99a7d76bd3f60,libunicode_segmentation-15a04a6933615cd2,libparking_lot-3af6f227d52c4161,libparking_lot_core-9e092dd9cf0e194e,liblock_api-2b9b68fbb55a5e96,libscopeguard-230c4169d2c1214f,liblog-ca0c1cbf5c2369e9,libmuda-597652b6e5b6aafb,libcrossbeam_channel-c80550abf547b5f4,libcrossbeam_utils-2b4808e5d1ee61a4,libkeyboard_types-146222c5538bae53,libtokio-1683dfad0ff73d09,libpin_project_lite-782a2f75cd076bb2,libtauri_runtime-29713e78349761ad,libwebview2_com-68d8ff883d9ad913,libwebview2_com_sys-fae675868e565cf9,libcookie-652bd8bd71988442,libwindows-7a04ffd6f34a95ff,libwindows_core-89726192f54b489b,libwindows_strings-b763efaf2fb97d65,libwindows_result-bc34114105c1a9b8,libdpi-c34229aab4dd9525,libserialize_to_javascript-cee5e838134966a6,libraw_window_handle-215103f7d0f5627f,libtauri_utils-c2a10c00540b498a,libdunce-d7f9f8e3c839141f,libinfer-d93ff56cdf838898,libcfb-508d7ca24e812655,libweb_time-7f37e87420fcb983,libfnv-e36809170bb65300,libuuid-6df9c3c395a80456,libbrotli-0d1c48f3b1e83104,libbrotli_decompressor-5b945377fef66744,liballoc_stdlib-622367d0039c3b91,liballoc_no_stdlib-f30100d28bfe03b6,liburlpattern-1090edc7a3daf52e,libregex-eb04a5df833c0e71,libregex_automata-3f69fbcd1aaba729,libaho_corasick-1903107bc51e129a,libregex_syntax-db46a83e0bb33e7d,libglob-9b24b21cea9ac758,libwalkdir-1ce08648cf300ce6,libsame_file-9abaacdb6b4ac1ed,libwinapi_util-1ab86c5797c7c8a4,libwindows_sys-db7cf7de30eb2c94,libwindows_link-2a130c9deca1b365,libctor-dbf4ada0ad7f80ec,libplist-fc64cfc1a18ad418,libtime-144fff9afeffe25f,libpowerfmt-7f867aa360384965,libnum_conv-ceadd64c90dfbfbd,libderanged-45c8ea8290a3a8c2,libtime_core-b43ca32d66df9a58,libquick_xml-6647249b49bd5934,libbase64-7fed810857d03846,libindexmap-6ef77b56a494fe66,libequivalent-5f23308ccb6dd595,libhashbrown-164db94c64549461,libjson_patch-8e5f99b074a9009d,libjsonptr-a975253a7abf61a6,libserde_with-bc3e64c7f9176a6c,libserde_json-3601b568064bf928,libmemchr-f2b58b34d8e2f663,libzmij-a961f7e68f1774e0,libhttp-ebb020a2fdbe1d40,libitoa-68f213a64138ad4a,libbytes-80ad1c6dcb3fba32,libphf-88163784194f82c8,libphf_shared-f182047c682037a8,libsiphasher-68f21e437b669af8,libtoml-5300af0ad4750315,libtoml_writer-700bf0324b5b320b,libtoml_parser-5a0715dd799fbc7a,libwinnow-d70df6aa4ed7d9ea,libserde_spanned-cc34fb93ec3cda6e,libtoml_datetime-3075e88e2b310408,libserde_untagged-673c6f5b57b07a82,liberased_serde-44425ae34f6dbcfd,libtypeid-d90f6d01e12dc8fd,liburl-571c25a3f8a02120,libidna-1632fe79bc80f51d,libidna_adapter-34c69243b2968120,libicu_properties-55a998372da8cdaf,libicu_properties_data-66f01fe745790c07,libicu_normalizer-d134b9d76e6930c5,libicu_normalizer_data-e3832e7a79ecbb96,libicu_collections-76f66e0701924e87,libutf8_iter-6a219574abf8e3e5,libpotential_utf-3401835403d01eda,libicu_provider-54f6548a9e9887f8,libicu_locale_core-19a670cf80d5155b,libtinystr-b39cd405fc27da81,liblitemap-5798dc33f62630db,libwriteable-a2465e4dc92a6b54,libzerovec-09304a63b1e7908d,libzerotrie-0060c78058211757,libyoke-66e03213a3aef737,libstable_deref_trait-93ea3550d7ebe965,libzerofrom-291eed51e02de1e1,libform_urlencoded-9b4114e9f5bf2651,libpercent_encoding-96ab0dc66caf8314,libthiserror-4ef2115ff02c26c5,libanyhow-5bfa289912b53654,libsemver-0d9daa419b340969,libserde-fe1789e8b1a22491,librusqlite-d6a0d67b014c8d7b,libbitflags-6aeb35453c92c4b7,libserde_core-1fa11b4b081932c9,libsmallvec-f58ec6ae42b10567,libfallible_streaming_iterator-4cced600f7f68ac5,libfallible_iterator-876945fb9ce4e983,libhashlink-3fa66121ecd513a2,libhashbrown-1045dd4ce49401e7,libahash-6a504f764dae353c,libonce_cell-93673a3932021ba8,libcfg_if-74a37511f5bf5c8f,libzerocopy-8226e2f248bab648,liblibsqlite3_sys-cdf4428e1631ab47}.rlib" "<sysroot>\\lib\\rustlib\\x86_64-pc-windows-msvc\\lib/{libstd-*,libpanic_unwind-*,libcfg_if-*,libwindows_link-*,librustc_demangle-*,libstd_detect-*,libhashbrown-*,librustc_std_workspace_alloc-*,libunwind-*,librustc_std_workspace_core-*,liballoc-*,libcore-*,libcompiler_builtins-*}.rlib" "advapi32.lib" "C:\\vcpkg\\installed\\x64-windows-static-md\\lib\\libcrypto.lib" "kernel32.lib" "kernel32.lib" "kernel32.lib" "ntdll.lib" "userenv.lib" "ws2_32.lib" "dbghelp.lib" "/defaultlib:msvcrt" "/NXCOMPAT" "/LIBPATH:D:\\a\\dj-timer-set\\dj-timer-set\\src-tauri\\target\\release\\build\\dj-set-timer-4b35f0b50ed9f818\\out" "/LIBPATH:D:\\a\\dj-timer-set\\dj-timer-set\\src-tauri\\target\\release\\build\\libsqlite3-sys-4e6d17890fed54b5\\out" "/LIBPATH:D:\\a\\dj-timer-set\\dj-timer-set\\src-tauri\\target\\release\\build\\webview2-com-sys-438063d217899ecf\\out\\x64" "/LIBPATH:C:\\vcpkg\\installed\\x64-windows-static-md\\lib" "/LIBPATH:C:\\Program Files\\Microsoft Visual Studio\\18\\Enterprise\\VC\\Tools\\MSVC\\14.51.36231\\atlmfc\\lib\\x64" "/OUT:D:\\a\\dj-timer-set\\dj-timer-set\\src-tauri\\target\\release\\deps\\dj_set_timer_lib.dll" "/OPT:REF,ICF" "/DLL" "/IMPLIB:D:\\a\\dj-timer-set\\dj-timer-set\\src-tauri\\target\\release\\deps\\dj_set_timer_lib.dll.lib" "/DEBUG" "/PDBALTPATH:%_PDB%" "/NATVIS:<sysroot>\\lib\\rustlib\\etc\\intrinsic.natvis" "/NATVIS:<sysroot>\\lib\\rustlib\\etc\\liballoc.natvis" "/NATVIS:<sysroot>\\lib\\rustlib\\etc\\libcore.natvis" "/NATVIS:<sysroot>\\lib\\rustlib\\etc\\libstd.natvis" "/NATVIS:D:\\a\\dj-timer-set\\dj-timer-set\\src-tauri\\target\\release\\deps\\rustckWek2N\\dj_set_timer_lib-0.natvis" "/NATVIS:D:\\a\\dj-timer-set\\dj-timer-set\\src-tauri\\target\\release\\deps\\rustckWek2N\\dj_set_timer_lib-1.natvis" "/NATVIS:D:\\a\\dj-timer-set\\dj-timer-set\\src-tauri\\target\\release\\deps\\rustckWek2N\\dj_set_timer_lib-2.natvis" "/NODEFAULTLIB:libvcruntimed.lib" "/NODEFAULTLIB:vcruntime.lib" "/NODEFAULTLIB:vcruntimed.lib" "/NODEFAULTLIB:libcmtd.lib" "/NODEFAULTLIB:msvcrt.lib" "/NODEFAULTLIB:msvcrtd.lib" "/NODEFAULTLIB:libucrt.lib" "/NODEFAULTLIB:libucrtd.lib" "/DEFAULTLIB:libcmt.lib" "/DEFAULTLIB:libvcruntime.lib" "/DEFAULTLIB:ucrt.lib"
  = note: some arguments are omitted. use `--verbose` to show all linker arguments
  = note:    Creating library D:\a\dj-timer-set\dj-timer-set\src-tauri\target\release\deps\dj_set_timer_lib.dll.lib and object D:\a\dj-timer-set\dj-timer-set\src-tauri\target\release\deps\dj_set_timer_lib.dll.exp
          libcrypto.lib(libcrypto-lib-cryptlib.obj) : error LNK2019: unresolved external symbol __imp_GetProcessWindowStation referenced in function OPENSSL_isservice
          libcrypto.lib(libcrypto-lib-cryptlib.obj) : error LNK2019: unresolved external symbol __imp_GetUserObjectInformationW referenced in function OPENSSL_isservice
          libcrypto.lib(libcrypto-lib-e_capi.obj) : error LNK2019: unresolved external symbol __imp_CertOpenStore referenced in function capi_open_store
          libcrypto.lib(libcrypto-lib-e_capi.obj) : error LNK2019: unresolved external symbol __imp_CertCloseStore referenced in function capi_find_key
          libcrypto.lib(libdefault-lib-winstore_store.obj) : error LNK2001: unresolved external symbol __imp_CertCloseStore
          libcrypto.lib(libcrypto-lib-e_capi.obj) : error LNK2019: unresolved external symbol __imp_CertEnumCertificatesInStore referenced in function capi_find_cert
          libcrypto.lib(libcrypto-lib-e_capi.obj) : error LNK2019: unresolved external symbol __imp_CertFindCertificateInStore referenced in function capi_find_cert
          libcrypto.lib(libdefault-lib-winstore_store.obj) : error LNK2001: unresolved external symbol __imp_CertFindCertificateInStore
          libcrypto.lib(libcrypto-lib-e_capi.obj) : error LNK2019: unresolved external symbol __imp_CertDuplicateCertificateContext referenced in function capi_load_ssl_client_cert
          libcrypto.lib(libcrypto-lib-e_capi.obj) : error LNK2019: unresolved external symbol __imp_CertFreeCertificateContext referenced in function capi_dsa_free
          libcrypto.lib(libdefault-lib-winstore_store.obj) : error LNK2001: unresolved external symbol __imp_CertFreeCertificateContext
          libcrypto.lib(libcrypto-lib-e_capi.obj) : error LNK2019: unresolved external symbol __imp_CertGetCertificateContextProperty referenced in function capi_cert_get_fname
          libcrypto.lib(libdefault-lib-winstore_store.obj) : error LNK2019: unresolved external symbol __imp_CertOpenSystemStoreW referenced in function winstore_open
          D:\a\dj-timer-set\dj-timer-set\src-tauri\target\release\deps\dj_set_timer_lib.dll : fatal error LNK1120: 10 unresolved externals
          

warning: dj-set-timer@0.1.0: STATIC_VCRUNTIME is deprecated; use build.windows.staticVCRuntime in tauri.conf.json or tauri_build::WindowsAttributes::static_vc_runtime instead.
error: could not compile `dj-set-timer` (lib) due to 1 previous error
failed to build app: failed to build app
       Error [tauri_cli_node] failed to build app: failed to build app
